---
source: crates/internal/brink-syntax/src/parser/tests/content/mod.rs
expression: "format!(\"{:#?}\", p.syntax())"
---
SOURCE_FILE@0..5
  CONTENT_LINE@0..5
    MIXED_CONTENT@0..4
      TEXT@0..1
        IDENT@0..1 "a"
      GLUE_NODE@1..3
        GLUE@1..3 "<>"
      TEXT@3..4
        IDENT@3..4 "b"
    NEWLINE@4..5 "\n"
