---
source: crates/internal/brink-format/tests/write_inkt.rs
expression: buf
---
(story

  (name_table
    0 ""
  )

  (addresses
    (address $01_406ea523c53def -> $01_406ea523c53def +0)
    (address $01_6647014fb554e5 -> $01_6647014fb554e5 +0)
    (address $01_ab1ed7229c18b5 -> $01_ab1ed7229c18b5 +0)
  )

  (container $01_406ea523c53def
    (hash 0x0000000000000000)
    (name 0)
    (lines
      0 "Hello, world!" @626e7681b4e2e7bc
    )
    (code
      enter_container $01_6647014fb554e5
      done
    )
  )

  (container $01_6647014fb554e5
    (hash 0x0000000000000000)
    (scope $01_406ea523c53def)
    (path_hash 48)
    (code
      emit_line 0
      emit_newline
      enter_container $01_ab1ed7229c18b5
    )
  )

  (container $01_ab1ed7229c18b5
    (hash 0x0000000000000000)
    (scope $01_406ea523c53def)
    (path_hash 144)
    (code
      done
    )
  )
)
