---
source: crates/internal/brink-syntax/src/parser/tests/logic/mod.rs
expression: "format!(\"{:#?}\", p.syntax())"
---
SOURCE_FILE@0..13
  LOGIC_LINE@0..13
    TILDE@0..1 "~"
    WHITESPACE@1..2 " "
    TEMP_DECL@2..12
      KW_TEMP@2..6 "temp"
      WHITESPACE@6..7 " "
      IDENTIFIER@7..8
        IDENT@7..8 "x"
      WHITESPACE@8..9 " "
      EQ@9..10 "="
      WHITESPACE@10..11 " "
      INTEGER_LIT@11..12
        INTEGER@11..12 "5"
    NEWLINE@12..13 "\n"
