---
source: crates/internal/brink-test-harness/tests/oracle_snapshots.rs
expression: case_snapshot
---
case: tier3/callstack/I075-clean-callstack-reset-on-path-choice
oracle: 1, brink: 1, matched: 1
passing: 1/1

=== episode [] === PASS
> "The first line.\n" [Continue]
> "The second line.\n" [Done]
outcome: Done
