---
source: crates/internal/brink-test-harness/tests/oracle_snapshots.rs
expression: case_snapshot
---
case: tier2/conditional/ifelse-ext-text2
oracle: 1, brink: 1, matched: 1
passing: 1/1

=== episode [0] === PASS
> "This is text 2.\n" [Choices: "The Choice." (0) -> 0]
> "This is the end." [Ended]
outcome: Ended
