---
source: crates/internal/brink-test-harness/tests/oracle_snapshots.rs
expression: summary
---
tests_github/abobilly__kimbar/specs/ink: PASS (1/1 episodes)
tests_github/bobon4uto__dream_on: FAIL (0/1000 episodes, 40 mismatch, 960 missing)
tests_github/elliotherriman__calico/templates/Calico_Template: PASS (2/2 episodes)
tests_github/joshgiesbrecht__Copper/Assets/Plugins/Ink/Example/Ink: PASS (8/8 episodes)
tier1/basics/I001-minimal-story: PASS (1/1 episodes)
tier1/basics/I002-fogg-comforts-passepartout: PASS (3/3 episodes)
tier1/basics/I003-tunnel-to-death: PASS (3/3 episodes)
tier1/basics/I004-print-number-as-english: PASS (1/1 episodes)
tier1/basictext/oneline: PASS (1/1 episodes)
tier1/basictext/twolines: PASS (1/1 episodes)
tier1/choices/I077-fallback-choice-on-thread: PASS (1/1 episodes)
tier1/choices/I078-choice-with-brackets-only: PASS (1/1 episodes)
tier1/choices/I079-once-only-choices-can-link-back-to-self: PASS (1/1 episodes)
tier1/choices/I080-has-read-on-choice: PASS (1/1 episodes)
tier1/choices/I081-gather-choice-same-line: PASS (1/1 episodes)
tier1/choices/I082-choice-diverts-to-done: PASS (1/1 episodes)
tier1/choices/I083-choice-thread-forking: PASS (1/1 episodes)
tier1/choices/I084-sticky-choices-stay-sticky: PASS (1000/1000 episodes)
tier1/choices/I085-logic-in-choices: PASS (1/1 episodes)
tier1/choices/I086-default-simple-gather: PASS (1/1 episodes)
tier1/choices/I087-non-text-in-choice-inner-content: PASS (1/1 episodes)
tier1/choices/I088-conditional-choices: PASS (4/4 episodes)
tier1/choices/I089-once-only-choices-with-own-content: PASS (6/6 episodes)
tier1/choices/I090-various-default-choices: PASS (1/1 episodes)
tier1/choices/I091-choice-count: PASS (2/2 episodes)
tier1/choices/I092-should-not-gather-due-to-choice: PASS (1/1 episodes)
tier1/choices/I093-default-choices: PASS (2/2 episodes)
tier1/choices/choice-count: PASS (2/2 episodes)
tier1/choices/choice-diverts-to-done: PASS (1/1 episodes)
tier1/choices/choice-thread-forking: PASS (1/1 episodes)
tier1/choices/choice-with-brackets-only: PASS (1/1 episodes)
tier1/choices/clean-callstack-reset-on-path-choice: SKIP
tier1/choices/conditional-choice: PASS (4/4 episodes)
tier1/choices/conditional-choice-in-weave: PASS (1/1 episodes)
tier1/choices/conditional-choice-in-weave2: FAIL (0/2 episodes, 2 mismatch)
tier1/choices/conditional-choices: PASS (4/4 episodes)
tier1/choices/default-choices: PASS (2/2 episodes)
tier1/choices/divert-choice: PASS (3/3 episodes)
tier1/choices/empty-choice: SKIP
tier1/choices/fallback-choice-on-thread: PASS (1/1 episodes)
tier1/choices/fallback-choice-v1: PASS (2/2 episodes)
tier1/choices/fallback-choice-v2: PASS (2/2 episodes)
tier1/choices/gather-choice-same-line: PASS (1/1 episodes)
tier1/choices/has-read-on-choice: PASS (1/1 episodes)
tier1/choices/label-flow-v1: PASS (4/4 episodes)
tier1/choices/label-flow-v2: PASS (4/4 episodes)
tier1/choices/label-scope: PASS (1/1 episodes)
tier1/choices/label-scope-error: FAIL (0/1 episodes, 1 mismatch)
tier1/choices/logic-in-choices: PASS (1/1 episodes)
tier1/choices/mixed-choice: PASS (1/1 episodes)
tier1/choices/multi-choice: PASS (2/2 episodes)
tier1/choices/no-choice-text: PASS (1/1 episodes)
tier1/choices/non-text-in-choice-inner-content: PASS (1/1 episodes)
tier1/choices/once-only-choices-can-link-back-to-self: PASS (1/1 episodes)
tier1/choices/once-only-choices-with-own-content: PASS (6/6 episodes)
tier1/choices/one: PASS (1/1 episodes)
tier1/choices/shouldnt-gather-due-to-choice: PASS (1/1 episodes)
tier1/choices/single-choice-v1: PASS (1/1 episodes)
tier1/choices/single-choice-v2: PASS (1/1 episodes)
tier1/choices/state-rollback-over-default-choice: PASS (1/1 episodes)
tier1/choices/sticky-choice: PASS (21/21 episodes)
tier1/choices/sticky-choices-stay-sticky: PASS (1000/1000 episodes)
tier1/choices/strings-in-choices: PASS (1/1 episodes)
tier1/choices/suppress-choice: PASS (1/1 episodes)
tier1/choices/varying-choice: PASS (2/2 episodes)
tier1/divert/complex-branching-v1: PASS (3/3 episodes)
tier1/divert/complex-branching-v2: PASS (3/3 episodes)
tier1/divert/divert-on-choice: PASS (1/1 episodes)
tier1/divert/invisible-divert: PASS (1/1 episodes)
tier1/divert/simple-divert: PASS (1/1 episodes)
tier1/diverts/I053-tunnel-onwards-divert-override: PASS (1/1 episodes)
tier1/diverts/I054-basic-tunnel: PASS (1/1 episodes)
tier1/diverts/I055-same-line-divert-is-inline: PASS (1/1 episodes)
tier1/diverts/I056-divert-targets-with-parameters: PASS (1/1 episodes)
tier1/diverts/I057-tunnel-onwards-after-tunnel: PASS (1/1 episodes)
tier1/diverts/I058-compare-divert-targets: PASS (1/1 episodes)
tier1/diverts/I059-tunnel-vs-thread-behaviour: FAIL (4/6 episodes, 2 mismatch)
tier1/diverts/I060-tunnel-onwards-divert-after-with-arg: PASS (1/1 episodes)
tier1/diverts/I061-divert-in-conditional: PASS (1/1 episodes)
tier1/diverts/I062-complex-tunnels: PASS (1/1 episodes)
tier1/diverts/I063-divert-to-weave-points: PASS (1/1 episodes)
tier1/diverts/I064-done-stops-thread: PASS (1/1 episodes)
tier1/diverts/I065-tunnel-onwards-with-param-default-choice: PASS (1/1 episodes)
tier1/diverts/I066-path-to-self: PASS (21/21 episodes)
tier1/diverts/I132-comparing-diverts: PASS (1/1 episodes)
tier1/diverts/basic-tunnel: PASS (1/1 episodes)
tier1/diverts/character-range-identifiers-for-divert-names-with-ascii-suffix: SKIP
tier1/diverts/compare-divert-targets: PASS (1/1 episodes)
tier1/diverts/complex-tunnels: PASS (1/1 episodes)
tier1/diverts/cross-choice-label: PASS (1/1 episodes)
tier1/diverts/divert-in-conditional: PASS (1/1 episodes)
tier1/diverts/divert-to-weave-points: PASS (1/1 episodes)
tier1/diverts/same-line-divert-is-inline: PASS (1/1 episodes)
tier1/diverts/tunnel-onwards-after-tunnel: PASS (1/1 episodes)
tier1/diverts/tunnel-vs-thread-behaviour: FAIL (4/6 episodes, 2 mismatch)
tier1/diverts/variable-divert-target: PASS (1/1 episodes)
tier1/diverts/variable-tunnel: PASS (1/1 episodes)
tier1/gather/complex-flow-v1: PASS (8/8 episodes)
tier1/gather/complex-flow-v2: PASS (8/8 episodes)
tier1/gather/deep-nesting: PASS (2/2 episodes)
tier1/gather/gather-basic: PASS (3/3 episodes)
tier1/gather/gather-chain: PASS (6/6 episodes)
tier1/gather/nested-flow: PASS (4/4 episodes)
tier1/gather/nested-gather: FAIL (0/8 episodes, 8 mismatch)
tier1/glue/I044-implicit-inline-glue-c: PASS (1/1 episodes)
tier1/glue/I045-implicit-inline-glue-b: PASS (1/1 episodes)
tier1/glue/I046-left-right-glue-matching: PASS (1/1 episodes)
tier1/glue/I047-implicit-inline-glue: PASS (1/1 episodes)
tier1/glue/I048-simple-glue: PASS (1/1 episodes)
tier1/glue/glue-in-choice-body: PASS (3/3 episodes)
tier1/glue/glue-with-divert: PASS (1/1 episodes)
tier1/glue/implicit-inline-glue: PASS (1/1 episodes)
tier1/glue/left-right-glue-matching: PASS (1/1 episodes)
tier1/glue/simple-glue: PASS (1/1 episodes)
tier1/glue/testbugfix1: PASS (1/1 episodes)
tier1/glue/testbugfix2: PASS (1/1 episodes)
tier1/knot/multi-line: PASS (1/1 episodes)
tier1/knot/param-floats: PASS (3/3 episodes)
tier1/knot/param-ints: PASS (3/3 episodes)
tier1/knot/param-multi: PASS (1/1 episodes)
tier1/knot/param-recurse: PASS (1/1 episodes)
tier1/knot/param-strings: PASS (3/3 episodes)
tier1/knot/param-vars: PASS (3/3 episodes)
tier1/knot/single-line: PASS (1/1 episodes)
tier1/knot/strip-empty-lines: PASS (1/1 episodes)
tier1/knots/I098-knot-thread-interaction-2: PASS (1/1 episodes)
tier1/knots/I128-knot-stitch-gather-counts: PASS (1/1 episodes)
tier1/knots/I129-knot-do-not-gather: PASS (1/1 episodes)
tier1/knots/I130-knot-thread-interaction: PASS (2/2 episodes)
tier1/knots/knot-dot-gather: PASS (1/1 episodes)
tier1/knots/knot-stitch-gather-counts: PASS (1/1 episodes)
tier1/knots/knot-termination-skips-global-objects: PASS (1/1 episodes)
tier1/knots/knot-thread-interaction: PASS (2/2 episodes)
tier1/knots/knot-thread-interaction2: PASS (1/1 episodes)
tier1/stitch/auto-stitch-v1: PASS (2/2 episodes)
tier1/stitch/auto-stitch-v2: PASS (2/2 episodes)
tier1/stitch/manual-stitch-v1: PASS (2/2 episodes)
tier1/stitch/manual-stitch-v2: PASS (2/2 episodes)
tier1/variables/I005-const-variable: PASS (1/1 episodes)
tier1/variables/I006-multiple-constant-references: PASS (1/1 episodes)
tier1/variables/I007-set-non-existant-variable: PASS (1/1 episodes)
tier1/variables/I008-temp-global-conflict: PASS (1/1 episodes)
tier1/variables/I009-temp-usage-in-options: PASS (1/1 episodes)
tier1/variables/I010-temp-not-found: PASS (1/1 episodes)
tier1/variables/I011-temporaries-at-global-scope: PASS (1/1 episodes)
tier1/variables/I012-variable-declaration-in-conditional: PASS (1/1 episodes)
tier1/variables/I013-variable-divert-target: PASS (1/1 episodes)
tier1/variables/I014-variable-swap-recurse: PASS (1/1 episodes)
tier1/variables/I015-variable-tunnel: PASS (1/1 episodes)
tier1/variables/character-range-identifiers-for-const-names-with-ascii-prefix: SKIP
tier1/variables/character-range-identifiers-for-const-names-with-ascii-suffix: SKIP
tier1/variables/character-range-identifiers-for-simple-variable-names-with-ascii-prefix: SKIP
tier1/variables/character-range-identifiers-for-simple-variable-names-with-ascii-suffix: SKIP
tier1/variables/const: PASS (1/1 episodes)
tier1/variables/multiple-constant-references: PASS (1/1 episodes)
tier1/variables/string-constants: PASS (1/1 episodes)
tier1/variables/temp-in-choice-body: PASS (36/36 episodes)
tier1/variables/temp-ref-passthrough: PASS (1/1 episodes)
tier1/variables/temp-ref-write-through: PASS (1/1 episodes)
tier1/variables/turns-since-with-variable-target: PASS (1/1 episodes)
tier1/variables/variable-declaration-in-conditional: PASS (1/1 episodes)
tier1/variables/variable-get-set-a-p-i: PASS (1/1 episodes)
tier1/variables/variable-observer: PASS (1/1 episodes)
tier1/variables/variable-pointer-ref-from-knot: PASS (1/1 episodes)
tier1/variables/variable-swap-recurse: PASS (1/1 episodes)
tier1/weave/I038-conditional-choice-in-weave: PASS (1/1 episodes)
tier1/weave/I039-conditional-choice-in-weave-the-second: FAIL (0/2 episodes, 2 mismatch)
tier1/weave/I040-unbalanced-weave-indentation: PASS (1/1 episodes)
tier1/weave/I041-weave-gathers: FAIL (0/2 episodes, 2 mismatch)
tier1/weave/I042-weave-options: PASS (1/1 episodes)
tier1/weave/I043-weaves-within-sequence: PASS (1/1 episodes)
tier1/weave/argument-shouldnt-conflict-with-gather-elsewhere: PASS (1/1 episodes)
tier1/weave/default-simple-gather: PASS (1/1 episodes)
tier1/weave/gather-read-count-with-initial-sequence: PASS (1/1 episodes)
tier1/weave/unbalanced-weave-indentation: PASS (1/1 episodes)
tier1/weave/weave-gathers: FAIL (0/2 episodes, 2 mismatch)
tier1/weave/weave-options: PASS (1/1 episodes)
tier2/builtins/I026-floor-ceiling-and-casts: PASS (1/1 episodes)
tier2/builtins/I027-read-count-across-callstack: PASS (1/1 episodes)
tier2/builtins/I028-read-count-accross-threads: PASS (1/1 episodes)
tier2/builtins/I029-read-count-dot-seperated-path: PASS (1/1 episodes)
tier2/builtins/I030-nested-turns-since: PASS (1/1 episodes)
tier2/builtins/I031-read-count-variable-target: PASS (1/1 episodes)
tier2/conditional/condopt-v1: PASS (3/3 episodes)
tier2/conditional/condopt-v2: PASS (3/3 episodes)
tier2/conditional/condtext-v1: PASS (2/2 episodes)
tier2/conditional/condtext-v2: PASS (2/2 episodes)
tier2/conditional/cycle: PASS (1/1 episodes)
tier2/conditional/ifelse: PASS (1/1 episodes)
tier2/conditional/ifelse-ext: PASS (1/1 episodes)
tier2/conditional/ifelse-ext-text1: PASS (1/1 episodes)
tier2/conditional/ifelse-ext-text2: PASS (1/1 episodes)
tier2/conditional/ifelse-ext-text3: PASS (1/1 episodes)
tier2/conditional/iffalse: PASS (1/1 episodes)
tier2/conditional/iftrue: PASS (1/1 episodes)
tier2/conditional/multiline: PASS (1/1 episodes)
tier2/conditional/multiline-choice: PASS (2/2 episodes)
tier2/conditional/multiline-divert: PASS (1/1 episodes)
tier2/conditional/once: PASS (1/1 episodes)
tier2/conditional/shuffle: FAIL (0/1 episodes, 1 mismatch)
tier2/conditional/shuffle_once: PASS (1/1 episodes)
tier2/conditional/shuffle_stopping: PASS (1/1 episodes)
tier2/conditional/stopping: PASS (1/1 episodes)
tier2/conditions/I112-all-switch-branches-fail-is-clean: PASS (1/1 episodes)
tier2/conditions/I113-else-branches: PASS (1/1 episodes)
tier2/conditions/I114-conditionals: PASS (1/1 episodes)
tier2/conditions/I115-empty-multiline-conditional-branch: PASS (1/1 episodes)
tier2/conditions/I116-trivial-condition: PASS (1/1 episodes)
tier2/conditions/conditionals: PASS (1/1 episodes)
tier2/conditions/empty-multiline-conditional-branch: PASS (1/1 episodes)
tier2/conditions/identifers-can-start-with-numbers: PASS (1/1 episodes)
tier2/conditions/multi-flow-basics: SKIP
tier2/conditions/multi-flow-save-load-threads: SKIP
tier2/conditions/quote-character-significance: PASS (1/1 episodes)
tier2/errors/return-text-warning: SKIP
tier2/evaluation/I117-factorial-recursive: PASS (1/1 episodes)
tier2/evaluation/I118-literal-unary: PASS (1/1 episodes)
tier2/evaluation/I119-basic-string-literals: PASS (1/1 episodes)
tier2/evaluation/I120-evaluating-ink-functions-from-game: PASS (1/1 episodes)
tier2/evaluation/I121-arithmetic: PASS (1/1 episodes)
tier2/evaluation/I122-evaluation-stack-leaks: PASS (1/1 episodes)
tier2/evaluation/I123-factorial-by-reference: PASS (1/1 episodes)
tier2/evaluation/I124-evaluating-ink-functions-from-game-2: PASS (1/1 episodes)
tier2/evaluation/I125-increment: PASS (1/1 episodes)
tier2/evaluation/I126-evaluating-function-variable-state-bug: PASS (1/1 episodes)
tier2/evaluation/arithmetic: PASS (1/1 episodes)
tier2/evaluation/call-stack-evaluation: PASS (1/1 episodes)
tier2/function/complex-func1: PASS (1/1 episodes)
tier2/function/complex-func2: PASS (1/1 episodes)
tier2/function/complex-func3: PASS (1/1 episodes)
tier2/function/evaluating-function-variablestate-bug: PASS (1/1 episodes)
tier2/function/func-basic: PASS (1/1 episodes)
tier2/function/func-inline: PASS (1/1 episodes)
tier2/function/func-none: PASS (1/1 episodes)
tier2/function/rnd-func: PASS (1/1 episodes)
tier2/function/setvar-func: PASS (1/1 episodes)
tier2/function/test-error: PASS (1/1 episodes)
tier2/functions/using-function-and-increment-together: PASS (1/1 episodes)
tier2/lists/I067-list-save-load: PASS (1/1 episodes)
tier2/lists/I068-list-range: PASS (1/1 episodes)
tier2/lists/I069-more-list-operations: PASS (1/1 episodes)
tier2/lists/I070-list-mixed-items: PASS (1/1 episodes)
tier2/lists/I071-list-basic-operations: PASS (1/1 episodes)
tier2/lists/I072-empty-list-origin-after-assignment: PASS (1/1 episodes)
tier2/lists/I073-empty-list-origin: PASS (1/1 episodes)
tier2/lists/I074-list-random: PASS (1/1 episodes)
tier2/lists/basic-operations: PASS (1/1 episodes)
tier2/lists/bug-adding-element: PASS (1000/1000 episodes)
tier2/lists/empty-list-origin: PASS (1/1 episodes)
tier2/lists/empty-list-origin-after-assignment: PASS (1/1 episodes)
tier2/lists/list-all: PASS (1/1 episodes)
tier2/lists/list-comparison: PASS (1/1 episodes)
tier2/lists/list-mixed-items: PASS (1/1 episodes)
tier2/lists/list-range: PASS (1/1 episodes)
tier2/lists/list-save-load: PASS (1/1 episodes)
tier2/lists/more-list-operations: PASS (1/1 episodes)
tier2/lists/more-list-operations2: PASS (1/1 episodes)
tier2/logic/I094-print-num: PASS (1/1 episodes)
tier2/logic/I095-multiline-logic-with-glue: PASS (1/1 episodes)
tier2/logic/I096-nested-pass-by-reference: PASS (1/1 episodes)
tier2/logic/I097-logic-lines-with-newlines: PASS (1/1 episodes)
tier2/sequences/I106-all-sequence-types: PASS (1/1 episodes)
tier2/sequences/I107-shuffle-stack-muddying: FAIL (0/2 episodes, 2 mismatch)
tier2/sequences/I108-blanks-in-inline-sequences: PASS (1/1 episodes)
tier2/sequences/I109-gather-read-count-with-initial-sequence: PASS (1/1 episodes)
tier2/sequences/I110-leading-newline-multiline-sequence: PASS (1/1 episodes)
tier2/sequences/I111-empty-sequence-content: PASS (1/1 episodes)
tier2/sequences/all-sequence-types: PASS (1/1 episodes)
tier2/sequences/blanks-in-inline-sequences: PASS (1/1 episodes)
tier2/sequences/empty-sequence-content: PASS (1/1 episodes)
tier2/sequences/leading-newline-multiline-sequence: PASS (1/1 episodes)
tier2/sequences/shuffle-stack-muddying: SKIP
tier2/threads/I101-thread-in-logic: PASS (1/1 episodes)
tier2/threads/I102-top-flow-terminator-should-not-kill-thread-choices: PASS (1/1 episodes)
tier2/threads/I103-thread-done: PASS (1/1 episodes)
tier2/threads/I104-multi-thread: PASS (2/2 episodes)
tier2/threads/multi-thread: PASS (2/2 episodes)
tier2/threads/read-count-across-threads: PASS (1/1 episodes)
tier2/threads/thread-bug-v1: PASS (21/21 episodes)
tier2/threads/thread-bug-v2: PASS (21/21 episodes)
tier2/threads/thread-done: PASS (1/1 episodes)
tier2/threads/thread-in-logic: PASS (1/1 episodes)
tier2/variable/var-divert: PASS (2/2 episodes)
tier2/variable/varcalc: PASS (1/1 episodes)
tier2/variable/variable-declaration: PASS (1/1 episodes)
tier2/variable/varstringinc: PASS (1/1 episodes)
tier2/variabletext/cycle: PASS (1/1 episodes)
tier2/variabletext/empty-elements: PASS (1/1 episodes)
tier2/variabletext/list-in-choice: PASS (1/1 episodes)
tier2/variabletext/once: PASS (1/1 episodes)
tier2/variabletext/sequence: PASS (1/1 episodes)
tier3/bindings/I127-variable-observer: PASS (1/1 episodes)
tier3/bindings/external-binding: PASS (1/1 episodes)
tier3/bools/I134-native-bools: PASS (1/1 episodes)
tier3/bools/I135-bools-can-be-coerced: PASS (1/1 episodes)
tier3/callstack/I075-clean-callstack-reset-on-path-choice: PASS (1/1 episodes)
tier3/callstack/I076-call-stack-evaluation: PASS (1/1 episodes)
tier3/floats/I133-float-printing-precision: PASS (1/1 episodes)
tier3/includes/include: SKIP
tier3/includes/nested-include: SKIP
tier3/lists/tower-of-hanoi: PASS (1000/1000 episodes)
tier3/misc/I016-empty: SKIP
tier3/misc/I017-end: PASS (1/1 episodes)
tier3/misc/I018-end-the-return-of-the-end: PASS (1/1 episodes)
tier3/misc/I019-end-of-content: PASS (1/1 episodes)
tier3/misc/I020-escape-character: PASS (1/1 episodes)
tier3/misc/I021-identifiers-can-start-with-numbers: PASS (1/1 episodes)
tier3/misc/I022-quote-character-significance: PASS (1/1 episodes)
tier3/misc/I023-whitespace: PASS (1/1 episodes)
tier3/misc/I024-includes: PASS (1/1 episodes)
tier3/misc/I025-nested-includes: PASS (1/1 episodes)
tier3/misc/I032-list-comparison: PASS (1/1 episodes)
tier3/misc/I105-list-comparison: PASS (1/1 episodes)
tier3/misc/TheIntercept: FAIL (676/1000 episodes, 324 mismatch)
tier3/misc/bools: SKIP
tier3/misc/comment-eliminator: SKIP
tier3/misc/empty: SKIP
tier3/misc/end: PASS (1/1 episodes)
tier3/misc/end-of-content: SKIP
tier3/misc/end2: PASS (1/1 episodes)
tier3/misc/escape-character: PASS (1/1 episodes)
tier3/misc/factorial-by-reference: PASS (1/1 episodes)
tier3/misc/factorial-recursive: PASS (1/1 episodes)
tier3/misc/floor-ceiling-and-casts: PASS (1/1 episodes)
tier3/misc/hello-world: PASS (1/1 episodes)
tier3/misc/i18n: PASS (1/1 episodes)
tier3/misc/increment: PASS (1/1 episodes)
tier3/misc/issue15: PASS (1/1 episodes)
tier3/misc/lookup-safe-or-not: PASS (1/1 episodes)
tier3/misc/nested-pass-by-reference: PASS (1/1 episodes)
tier3/misc/newlines_with_string_eval: PASS (1/1 episodes)
tier3/misc/operations: PASS (1/1 episodes)
tier3/misc/path-to-self: PASS (1/1 episodes)
tier3/misc/paths: SKIP
tier3/misc/print-num: PASS (1/1 episodes)
tier3/misc/read-count-across-callstack: PASS (1/1 episodes)
tier3/misc/read-count-dot-separated-path: PASS (1/1 episodes)
tier3/misc/read-counts: PASS (1/1 episodes)
tier3/misc/temp-global-conflict: PASS (1/1 episodes)
tier3/misc/temporaries-at-global-scope: PASS (1/1 episodes)
tier3/misc/test1: PASS (4/4 episodes)
tier3/misc/turns-since: PASS (1/1 episodes)
tier3/misc/turns-since-nested: PASS (1/1 episodes)
tier3/misc/visit-count-bug-due-to-nested-containers: FAIL (0/1 episodes, 1 mismatch)
tier3/misc/visit-counts-when-choosing: SKIP
tier3/runtime/external-function-0-arg: PASS (1/1 episodes)
tier3/runtime/external-function-1-arg-v1: PASS (1/1 episodes)
tier3/runtime/external-function-1-arg-v2: PASS (1/1 episodes)
tier3/runtime/external-function-2-arg-v1: PASS (1/1 episodes)
tier3/runtime/external-function-2-arg-v2: PASS (1/1 episodes)
tier3/runtime/external-function-3-arg: PASS (1/1 episodes)
tier3/runtime/jump-knot: PASS (1/1 episodes)
tier3/runtime/jump-stitch: PASS (1/1 episodes)
tier3/runtime/load-save: PASS (3/3 episodes)
tier3/runtime/multiflow-basics: PASS (1/1 episodes)
tier3/runtime/multiflow-saveloadthreads: PASS (1/1 episodes)
tier3/runtime/read-visit-counts: PASS (1/1 episodes)
tier3/runtime/saving-loading: PASS (1/1 episodes)
tier3/runtime/set-get-variables-v1: PASS (1/1 episodes)
tier3/runtime/set-get-variables-v2: PASS (1/1 episodes)
tier3/runtime/variable-observers: PASS (1/1 episodes)
tier3/strings/I049-strings-in-choices: PASS (1/1 episodes)
tier3/strings/I050-string-contains: PASS (1/1 episodes)
tier3/strings/I051-string-constants: PASS (1/1 episodes)
tier3/strings/I052-string-type-coercion: PASS (1/1 episodes)
tier3/strings/basic-string-literals: PASS (1/1 episodes)
tier3/strings/literal-unary: PASS (1/1 episodes)
tier3/strings/string-parser-a: SKIP
tier3/strings/string-parser-a-b-a-b: SKIP
tier3/strings/string-parser-a-b-a-optional: SKIP
tier3/strings/string-parser-a-b-a-optional2: SKIP
tier3/strings/string-parser-b: SKIP
tier3/strings/string-type-coersion: PASS (1/1 episodes)
tier3/tags/I099-tags: PASS (1/1 episodes)
tier3/tags/I100-tags-on-choice: PASS (1/1 episodes)
tier3/tags/tags: PASS (1/1 episodes)
tier3/tags/tagsDynamicContent: PASS (1/1 episodes)
tier3/tags/tagsInChoice: PASS (1/1 episodes)
tier3/tags/tagsInChoiceDynamic: PASS (3/3 episodes)
tier3/tags/tagsInSeq: PASS (1/1 episodes)
tier3/tunnels/tunnel-onwards-divert-override: PASS (1/1 episodes)
tier3/whitespace/I033-newline-consistency-the-first: PASS (1/1 episodes)
tier3/whitespace/I034-newline-consistency-the-second: PASS (1/1 episodes)
tier3/whitespace/I035-newline-consistency-the-third: PASS (1/1 episodes)
tier3/whitespace/I036-newlines-with-string-eval: PASS (1/1 episodes)
tier3/whitespace/I037-newline-at-start-of-multiline-conditional: PASS (1/1 episodes)
tier3/whitespace/comment-eliminator-mixed-newlines: SKIP
tier3/whitespace/whitespace: PASS (1/1 episodes)
