---
source: crates/internal/brink-test-harness/tests/oracle_snapshots.rs
expression: case_snapshot
---
case: tier2/sequences/I107-shuffle-stack-muddying
oracle: 2, brink: 2, matched: 2
passing: 2/2

=== episode [0] === PASS
> "" [Choices: "choice 3" (0), "choice 4" (1) -> 0]
> "" [Done]
outcome: Done

=== episode [1] === PASS
> "" [Choices: "choice 3" (0), "choice 4" (1) -> 1]
> "" [Done]
outcome: Done
