---
source: crates/internal/brink-test-harness/tests/oracle_snapshots.rs
expression: case_snapshot
---
case: tier1/choices/I092-should-not-gather-due-to-choice
oracle: 1, brink: 1, matched: 1
passing: 0/1

=== episode [0] === FAIL
> "" [Choices: "opt" (0) -> 0]
> "opt\n" [Continue]
> "text\n" [Done]
outcome: Done
  step 2: extra ("text\n")
