---
source: crates/internal/brink-test-harness/tests/oracle_snapshots.rs
expression: case_snapshot
---
case: tier2/logic/I096-nested-pass-by-reference
oracle: 1, brink: 1, matched: 1
passing: 0/1

=== episode [] === FAIL
> "5\n" [Continue]
> "\n" [Continue]
> "625\n" [Done]
outcome: Done
  step 1: text differs
    oracle: "625\n"
    brink:  "\n"
  step 2: extra ("625\n")
