---
source: crates/internal/brink-syntax/src/parser/tests/knot/mod.rs
expression: "format!(\"{:#?}\", p.syntax())"
---
SOURCE_FILE@0..35
  KNOT_DEF@0..35
    KNOT_HEADER@0..30
      EQ_EQ@0..2 "=="
      WHITESPACE@2..3 " "
      KW_FUNCTION@3..11 "function"
      WHITESPACE@11..12 " "
      IDENTIFIER@12..17
        IDENT@12..17 "greet"
      KNOT_PARAMS@17..27
        L_PAREN@17..18 "("
        KNOT_PARAM_DECL@18..26
          KW_REF@18..21 "ref"
          WHITESPACE@21..22 " "
          IDENTIFIER@22..26
            IDENT@22..26 "name"
        R_PAREN@26..27 ")"
      WHITESPACE@27..28 " "
      EQ_EQ@28..30 "=="
    NEWLINE@30..31 "\n"
    KNOT_BODY@31..35
      CONTENT_LINE@31..35
        MIXED_CONTENT@31..34
          TEXT@31..34
            IDENT@31..33 "Hi"
            BANG@33..34 "!"
        NEWLINE@34..35 "\n"
