---
source: crates/internal/brink-syntax/src/parser/tests/content.rs
expression: "format!(\"{:#?}\", p.syntax())"
---
SOURCE_FILE@0..34
  CONTENT_LINE@0..34
    MIXED_CONTENT@0..20
      TEXT_CONTENT@0..6
        IDENT@0..5 "Hello"
        WHITESPACE@5..6 " "
      GLUE_NODE@6..8
        GLUE@6..8 "<>"
      TEXT_CONTENT@8..14
        IDENT@8..13 "world"
        WHITESPACE@13..14 " "
      INLINE_LOGIC@14..20
        L_BRACE@14..15 "{"
        INNER_EXPRESSION@15..19
          DOTTED_IDENTIFIER@15..19
            IDENT@15..19 "name"
        R_BRACE@19..20 "}"
    DIVERT_NODE@20..29
      DIVERT_CHAIN@20..29
        WHITESPACE@20..21 " "
        DIVERT@21..23 "->"
        WHITESPACE@23..24 " "
        DIVERT_TARGET_WITH_ARGS@24..29
          DOTTED_IDENTIFIER@24..28
            IDENT@24..28 "knot"
          WHITESPACE@28..29 " "
    TAGS@29..33
      TAG@29..33
        HASH@29..30 "#"
        IDENT@30..33 "tag"
    NEWLINE@33..34 "\n"
