---
source: crates/internal/brink-syntax/src/parser/tests/divert.rs
expression: "format!(\"{:#?}\", p.syntax())"
---
SOURCE_FILE@0..14
  CONTENT_LINE@0..14
    DIVERT_NODE@0..13
      THREAD_START@0..13
        THREAD@0..2 "<-"
        WHITESPACE@2..3 " "
        DOTTED_IDENTIFIER@3..13
          IDENT@3..13 "background"
    NEWLINE@13..14 "\n"
