---
source: crates/internal/brink-syntax/src/parser/tests/choice.rs
expression: "format!(\"{:#?}\", p.syntax())"
---
SOURCE_FILE@0..21
  CHOICE@0..21
    CHOICE_BULLETS@0..2
      STAR@0..1 "*"
      WHITESPACE@1..2 " "
    CHOICE_START_CONTENT@2..7
      TEXT@2..7
        IDENT@2..7 "Hello"
    CHOICE_BRACKET_CONTENT@7..15
      L_BRACKET@7..8 "["
      TEXT@8..14
        IDENT@8..14 "hidden"
      R_BRACKET@14..15 "]"
    CHOICE_INNER_CONTENT@15..20
      TEXT@15..20
        IDENT@15..20 "world"
    NEWLINE@20..21 "\n"
