---
source: crates/internal/brink-syntax/src/parser/tests/inline.rs
expression: "format!(\"{:#?}\", p.syntax())"
---
SOURCE_FILE@0..19
  CONTENT_LINE@0..19
    MIXED_CONTENT@0..18
      INLINE_LOGIC@0..18
        L_BRACE@0..1 "{"
        CONDITIONAL_WITH_EXPR@1..17
          INFIX_EXPR@1..6
            PATH@1..2
              IDENT@1..2 "x"
            WHITESPACE@2..3 " "
            GT@3..4 ">"
            WHITESPACE@4..5 " "
            INTEGER_LIT@5..6
              INTEGER@5..6 "5"
          COLON@6..7 ":"
          WHITESPACE@7..8 " "
          INLINE_BRANCHES_COND@8..17
            BRANCH_CONTENT@8..11
              BRANCH_TEXT@8..11
                IDENT@8..11 "big"
            PIPE@11..12 "|"
            BRANCH_CONTENT@12..17
              BRANCH_TEXT@12..17
                IDENT@12..17 "small"
        R_BRACE@17..18 "}"
    NEWLINE@18..19 "\n"
